// Jest Snapshot v1, https://goo.gl/fbAQLP

exports[`Film Component matches the snapshot 1`] = `
<div
  className="mb-5 col-xl-4 col-lg-6"
  onClick={[Function]}
>
  <div
    className="box-films box"
  >
    <img
      alt="A New Hope"
      className="img-fluid"
      src="episode-4.jpg"
    />
    <span
      className="span-box"
    >
      <span
        className="thumb-title text-bold text-center"
      >
        A New Hope
      </span>
      <span
        className="thumb-date text-1 text-bold"
      >
        <time
          dateTime={"1977-05-25T00:00:00.000Z"}
        >
          May 24, 1977
        </time>
      </span>
    </span>
  </div>
</div>
`;
